audit-engine-plugins tmdb=94997 media=tv S1E1 plugins=47 hops=20 timeout_ms=60000 assets=/Users/mghassen/Workspace/Forja/apps/forja/assets/plugins
[engine-js] [videasy] seed status=200 ok=true
[engine-js] [videasy] mirrors=9
[engine-js] [videasy] rawRows=6
[engine-js] [vidlink] extract tmdb=94997 type=tv title=no
[engine-js] [vidlink] tmdb status=200 ok=true len=3910
[engine-js] [vidlink] enc status=200 ok=true len=97
[engine-js] [vidlink] api status=200 ok=true len=15133
[engine-js] [vidlink] api shape source=mwVault delivery=dash playlist=yes qualities=no
[engine-js] [vidlink] rows=1
[engine-js] [vidsrcsbs] start https://vidsrc.sbs/embed/tv/94997/1/1
[engine-js] [vidsrcsbs] embed http 200
[engine-js] [vidsrcsbs] CFG.servers=3
[engine-js] [vidsrcsbs] mirror Pro Multi https://web.nxsha.app/embed/tv/94997/1/1?server=AwsPly-[Multi-Lang]
[engine-js] [vidsrcsbs] mirror Cinesrc https://cinesrc.st/embed/tv/94997?s=1&e=1&color=FF1493&autoplay=true&autonext=true
[engine-js] [vidsrcsbs] mirror 4K https://player.videasy.net/tv/94997/1/1
[engine-js] [vidsrcsbs] hop empty for Cinesrc
[engine-js] [vidsrcsbs] nxsha servers=27
[engine-js] [vidsrcsbs] streams=12
[engine-js] [vidzee] start tmdb=94997 type=tv servers=dcloud,tik,ipcloud,v6:Hindi
[engine-js] [vidzee] GET https://core.vidzee.wtf/streams/tv/94997/1/1?s=dcloud&e=0
[engine-js] [vidzee] GET https://core.vidzee.wtf/streams/tv/94997/1/1?s=tik&e=0
[engine-js] [vidzee] GET https://core.vidzee.wtf/streams/tv/94997/1/1?s=ipcloud&e=0
[engine-js] [vidzee] GET https://core.vidzee.wtf/streams/tv/94997/1/1?s=v6%3AHindi&e=0
[engine-js] [vidzee] server v6:Hindi ok https://img1.bxncw.com/hls_mps/650be7e576fa5e81380b7cb3/720/index_277.m3u8?auth_
[engine-js] [vidzee] server dcloud ok https://cdn2.1shows.app/tv/n5NZBIJGrsFRQ-nbWBww2lRdtb2kY-H6qgUjmdDlObQ.0oxjm4Oi/
[engine-js] [vidzee] server tik http 502
[engine-js] [vidzee] server ipcloud http 502
[engine-js] [vidzee] streams=2
[engine-js] [2embed] start tmdb=94997 type=tv
[engine-js] [service111477] start tmdb=94997 type=tv
[engine-js] [service111477] tmdb http 200
[engine-js] [service111477] index https://a.111477.xyz/tvs/House%20of%20the%20Dragon/Season%201/
[engine-js] [service111477] list http 200 https://a.111477.xyz/tvs/House%20of%20the%20Dragon/Season%201/
[engine-js] [service111477] entries=30
[engine-js] [service111477] matched=3
[engine-js] [service111477] streams=3
[engine-js] [meowtv] start tmdb=94997 type=tv servers=2
[engine-js] [meowtv] server ipcloud http 502
[engine-js] [meowtv] streams=1
[engine-js] [4khdhub] House of the Dragon 2022
[engine-js] [4khdhub] page=https://4khdhub.one/house-of-the-dragon-series-280/
[engine-js] [4khdhub] items=9 S01 Episode-01
[engine-js] [err] [1shows] Error: 1Shows authentication failed
[engine-js] [hdhub4u] imdb=tt11198330 domain=https://new1.hdhub4u.af q=House of the Dragon Season 1
[engine-js] [hdhub4u] hits=2 first=House Of The Dragon (Season 1) WEB-DL [Hindi (ORG 2.0) & English 5.1] 1080p 720p & 480p [x264/10Bit-HEVC] | HBO Series [ALL Episodes]
[engine-js] [hdhub4u] links=0 ep=1
[engine-js] [castle] Starting extraction for TMDB ID: 94997, Type: tv, S:1E:1
[engine-js] [castle] TMDB Info: "House of the Dragon" (2022)
[engine-js] [castle] Starting local AES-CBC decryption...
[engine-js] [castle] Local decryption successful
[engine-js] [castle] Found match: House of the Dragon (id: 9783286687867300)
[engine-js] [castle] Fetching details for movieId: 9783286687867300
[engine-js] [castle] Starting local AES-CBC decryption...
[engine-js] [castle] Local decryption successful
[engine-js] [err] [castle] Error: Could not find episode ID
[engine-js] [dahmermovies] start tmdb=94997 type=tv
[engine-js] [dahmermovies] tmdb http 200
[engine-js] [dahmermovies] index https://a.111477.xyz/tvs/House%20of%20the%20Dragon/Season%201/
[engine-js] [dahmermovies] list http 200 https://a.111477.xyz/tvs/House%20of%20the%20Dragon/Season%201/
[engine-js] [dahmermovies] entries=30
[engine-js] [dahmermovies] matched=3
[engine-js] [dahmermovies] streams=3
[engine-js] [MalluMV] Fetching streams for TMDB ID: 94997, Type: tv
[engine-js] [err] [MalluMV] Request failed for https://api.themoviedb.org/3/tv/94997?api_key=439c478a771f35c05022f9feabcca01c: value is not iterable
[engine-js] [multiembed] start tmdb=94997 type=tv
[engine-js] [bingebox] start https://bingebox.ac/embed/tv/94997/1/1
[engine-js] [bingebox] embed http 404
[engine-js] [bingebox] scraped urls=0
[engine-js] [bingebox] streams=0
[engine-js] [primesrc] start https://primesrc.me/embed/tv/94997/1/1
[engine-js] [primesrc] embed http 404
[engine-js] [primesrc] scraped urls=0
[engine-js] [primesrc] streams=0
[engine-js] [uflix] start https://uflix.to/tv/94997/1/1
[engine-js] [uflix] embed http 404
[engine-js] [uflix] scraped urls=0
[engine-js] [uflix] streams=0
